// Jest Snapshot v1, https://goo.gl/fbAQLP

exports[`renders for allShelfs 1`] = `
<ol
  className="books-grid"
>
  <li>
    <div
      className="book"
    >
      <div
        className="book-top"
      >
        <div
          className="book-cover"
          style={
            Object {
              "backgroundImage": "url(\\"algo\\")",
              "height": 193,
              "width": 128,
            }
          }
        />
        <If
          test={true}
        >
          <div
            onClick={[Function]}
          >
            <a
              className="book-shelf-read"
            />
          </div>
        </If>
        <div
          className="book-shelf-changer"
        >
          <ShelfOptions
            allShelfs={
              Object {
                "currentlyReading": "Currently Reading",
                "moveto": "Move to..",
                "none": "None",
                "read": "Read",
                "wantToRead": "Want To Read",
              }
            }
            book={
              Object {
                "authors": "Eu",
                "id": 10,
                "imageLinks": Object {
                  "thumbnail": "algo",
                },
                "shelf": "read",
                "title": "Livro",
              }
            }
            setUpdate={[Function]}
          />
        </div>
      </div>
      <div
        className="book-title"
      >
        Livro
      </div>
      <div
        className="book-authors"
      >
        Eu
      </div>
      <div
        className="book-authors"
      >
        read
      </div>
      <If
        test={true}
      >
        <div
          className="overlay"
          id="popup1"
        >
          <div
            className="popup"
          >
            <a
              className="close"
              onClick={[Function]}
            >
              ×
            </a>
            <RelatedBooks
              bookId={10}
              bookIdUpdate=""
              objShelfs={
                Object {
                  "currentlyReading": "Currently Reading",
                  "moveto": "Move to..",
                  "none": "None",
                  "read": "Read",
                  "wantToRead": "Want To Read",
                }
              }
              relatedBooks={Array []}
              setUpdate={[Function]}
            />
          </div>
        </div>
      </If>
    </div>
  </li>
  <li>
    <div
      className="book"
    >
      <div
        className="book-top"
      >
        <div
          className="book-cover"
          style={
            Object {
              "backgroundImage": "url(\\"algo dois\\")",
              "height": 193,
              "width": 128,
            }
          }
        />
        <If
          test={true}
        >
          <div
            onClick={[Function]}
          >
            <a
              className="book-shelf-read"
            />
          </div>
        </If>
        <div
          className="book-shelf-changer"
        >
          <ShelfOptions
            allShelfs={
              Object {
                "currentlyReading": "Currently Reading",
                "moveto": "Move to..",
                "none": "None",
                "read": "Read",
                "wantToRead": "Want To Read",
              }
            }
            book={
              Object {
                "authors": "Outro",
                "id": 263,
                "imageLinks": Object {
                  "thumbnail": "algo dois",
                },
                "shelf": "read",
                "title": "Livro Dois",
              }
            }
            setUpdate={[Function]}
          />
        </div>
      </div>
      <div
        className="book-title"
      >
        Livro Dois
      </div>
      <div
        className="book-authors"
      >
        Outro
      </div>
      <div
        className="book-authors"
      >
        read
      </div>
      <If
        test={true}
      >
        <div
          className="overlay"
          id="popup1"
        >
          <div
            className="popup"
          >
            <a
              className="close"
              onClick={[Function]}
            >
              ×
            </a>
            <RelatedBooks
              bookId={263}
              bookIdUpdate=""
              objShelfs={
                Object {
                  "currentlyReading": "Currently Reading",
                  "moveto": "Move to..",
                  "none": "None",
                  "read": "Read",
                  "wantToRead": "Want To Read",
                }
              }
              relatedBooks={Array []}
              setUpdate={[Function]}
            />
          </div>
        </div>
      </If>
    </div>
  </li>
</ol>
`;

exports[`renders with empty books 1`] = `
<ol
  className="books-grid"
/>
`;

exports[`renders with shelf none 1`] = `
<ol
  className="books-grid"
/>
`;
